
> leadflow-ia-pro@4.0.0 build
> next build

  Ôû▓ Next.js 14.2.5
  - Environments: .env.local

   Creating an optimized production build ...
 Ô£ô Compiled successfully
   Linting and checking validity of types ...
   Collecting page data ...
   Generating static pages (0/25) ...
   Generating static pages (6/25) 
   Generating static pages (12/25) 
   Generating static pages (18/25) 
 Ô£ô Generating static pages (25/25)
   Finalizing page optimization ...
   Collecting build traces ...

Route (app)                              Size     First Load JS
Ôöî Ôùï /                                    485 B          94.4 kB
Ôö£ Ôùï /_not-found                          871 B          87.9 kB
Ôö£ Ôùï /about                               2.47 kB        96.3 kB
Ôö£ ãÆ /api/ai                              0 B                0 B
Ôö£ ãÆ /api/auth/welcome                    0 B                0 B
Ôö£ ãÆ /api/leads                           0 B                0 B
Ôö£ ãÆ /api/notifications                   0 B                0 B
Ôö£ ãÆ /api/stripe/create-checkout          0 B                0 B
Ôö£ ãÆ /api/stripe/webhook                  0 B                0 B
Ôö£ Ôùï /auth/login                          2.13 kB         125 kB
Ôö£ Ôùï /auth/payment/cancel                 1.26 kB         124 kB
Ôö£ Ôùï /auth/payment/success                1.11 kB         124 kB
Ôö£ Ôùï /auth/pricing                        1.8 kB          125 kB
Ôö£ Ôùï /auth/register                       2.34 kB         125 kB
Ôö£ Ôùï /dashboard/contacts                  406 B          87.5 kB
Ôö£ Ôùï /dashboard/history                   405 B          87.5 kB
Ôö£ Ôùï /dashboard/leads                     402 B          87.5 kB
Ôö£ Ôùï /demo                                3 kB            138 kB
Ôö£ Ôùï /legal/cookies                       985 B          94.9 kB
Ôö£ Ôùï /legal/mentions                      1.1 kB           95 kB
Ôö£ Ôùï /legal/privacy                       141 B          87.2 kB
Ôö£ Ôùï /legal/terms                         141 B          87.2 kB
Ôöö Ôùï /sitemap.xml                         0 B                0 B
+ First Load JS shared by all            87.1 kB
  Ôö£ chunks/23-88f09216f7a7dd27.js        31.5 kB
  Ôö£ chunks/fd9d1056-e893da9e1b799583.js  53.6 kB
  Ôöö other shared chunks (total)          1.89 kB


ãÆ Middleware                             27.4 kB

Ôùï  (Static)   prerendered as static content
ãÆ  (Dynamic)  server-rendered on demand

